
Merging program properties

Removed property 0xc0010001 to merge build/main.o (0x1) and build/kernel.o (not found)
Removed property 0xc0010002 to merge build/main.o (0x0) and build/kernel.o (not found)
Removed property 0xc0010001 to merge build/main.o (not found) and build/debug.o (0x1)
Removed property 0xc0010002 to merge build/main.o (not found) and build/debug.o (0x0)
Removed property 0xc0010001 to merge build/main.o (not found) and build/memory.o (0x1)
Removed property 0xc0010002 to merge build/main.o (not found) and build/memory.o (0x0)
Removed property 0xc0010001 to merge build/main.o (not found) and build/bitmap.o (0x1)
Removed property 0xc0010002 to merge build/main.o (not found) and build/bitmap.o (0x0)
Removed property 0xc0010001 to merge build/main.o (not found) and build/string.o (0x1)
Removed property 0xc0010002 to merge build/main.o (not found) and build/string.o (0x0)
Removed property 0xc0010001 to merge build/main.o (not found) and build/thread.o (0x1)
Removed property 0xc0010002 to merge build/main.o (not found) and build/thread.o (0x0)
Removed property 0xc0010001 to merge build/main.o (not found) and build/list.o (0x1)
Removed property 0xc0010002 to merge build/main.o (not found) and build/list.o (0x0)
Removed property 0xc0010001 to merge build/main.o (not found) and build/sync.o (0x1)
Removed property 0xc0010002 to merge build/main.o (not found) and build/sync.o (0x0)
Removed property 0xc0010001 to merge build/main.o (not found) and build/console.o (0x1)
Removed property 0xc0010002 to merge build/main.o (not found) and build/console.o (0x0)
Removed property 0xc0010001 to merge build/main.o (not found) and build/keyboard.o (0x1)
Removed property 0xc0010002 to merge build/main.o (not found) and build/keyboard.o (0x0)
Removed property 0xc0010001 to merge build/main.o (not found) and build/ioqueue.o (0x1)
Removed property 0xc0010002 to merge build/main.o (not found) and build/ioqueue.o (0x0)
Removed property 0xc0010001 to merge build/main.o (not found) and build/tss.o (0x1)
Removed property 0xc0010002 to merge build/main.o (not found) and build/tss.o (0x0)
Removed property 0xc0010001 to merge build/main.o (not found) and build/process.o (0x1)
Removed property 0xc0010002 to merge build/main.o (not found) and build/process.o (0x0)

Discarded input sections

 .group         0x0000000000000000        0x8 build/main.o
 .group         0x0000000000000000        0x8 build/main.o
 .note.GNU-stack
                0x0000000000000000        0x0 build/main.o
 .note.gnu.property
                0x0000000000000000       0x28 build/main.o
 .group         0x0000000000000000        0x8 build/init.o
 .text.__x86.get_pc_thunk.bx
                0x0000000000000000        0x4 build/init.o
 .note.GNU-stack
                0x0000000000000000        0x0 build/init.o
 .note.gnu.property
                0x0000000000000000       0x28 build/init.o
 .group         0x0000000000000000        0x8 build/interrupt.o
 .group         0x0000000000000000        0x8 build/interrupt.o
 .text.__x86.get_pc_thunk.ax
                0x0000000000000000        0x4 build/interrupt.o
 .text.__x86.get_pc_thunk.bx
                0x0000000000000000        0x4 build/interrupt.o
 .note.GNU-stack
                0x0000000000000000        0x0 build/interrupt.o
 .note.gnu.property
                0x0000000000000000       0x28 build/interrupt.o
 .group         0x0000000000000000        0x8 build/timer.o
 .group         0x0000000000000000        0x8 build/timer.o
 .text.__x86.get_pc_thunk.ax
                0x0000000000000000        0x4 build/timer.o
 .text.__x86.get_pc_thunk.bx
                0x0000000000000000        0x4 build/timer.o
 .note.GNU-stack
                0x0000000000000000        0x0 build/timer.o
 .note.gnu.property
                0x0000000000000000       0x28 build/timer.o
 .group         0x0000000000000000        0x8 build/debug.o
 .text.__x86.get_pc_thunk.bx
                0x0000000000000000        0x4 build/debug.o
 .note.GNU-stack
                0x0000000000000000        0x0 build/debug.o
 .note.gnu.property
                0x0000000000000000       0x28 build/debug.o
 .group         0x0000000000000000        0x8 build/memory.o
 .group         0x0000000000000000        0x8 build/memory.o
 .text.__x86.get_pc_thunk.ax
                0x0000000000000000        0x4 build/memory.o
 .text.__x86.get_pc_thunk.bx
                0x0000000000000000        0x4 build/memory.o
 .note.GNU-stack
                0x0000000000000000        0x0 build/memory.o
 .note.gnu.property
                0x0000000000000000       0x28 build/memory.o
 .group         0x0000000000000000        0x8 build/bitmap.o
 .text.__x86.get_pc_thunk.ax
                0x0000000000000000        0x4 build/bitmap.o
 .note.GNU-stack
                0x0000000000000000        0x0 build/bitmap.o
 .note.gnu.property
                0x0000000000000000       0x28 build/bitmap.o
 .group         0x0000000000000000        0x8 build/string.o
 .text.__x86.get_pc_thunk.ax
                0x0000000000000000        0x4 build/string.o
 .note.GNU-stack
                0x0000000000000000        0x0 build/string.o
 .note.gnu.property
                0x0000000000000000       0x28 build/string.o
 .group         0x0000000000000000        0x8 build/thread.o
 .group         0x0000000000000000        0x8 build/thread.o
 .group         0x0000000000000000        0x8 build/thread.o
 .text.__x86.get_pc_thunk.ax
                0x0000000000000000        0x4 build/thread.o
 .text.__x86.get_pc_thunk.bx
                0x0000000000000000        0x4 build/thread.o
 .note.GNU-stack
                0x0000000000000000        0x0 build/thread.o
 .note.gnu.property
                0x0000000000000000       0x28 build/thread.o
 .group         0x0000000000000000        0x8 build/list.o
 .group         0x0000000000000000        0x8 build/list.o
 .text.__x86.get_pc_thunk.ax
                0x0000000000000000        0x4 build/list.o
 .text.__x86.get_pc_thunk.bx
                0x0000000000000000        0x4 build/list.o
 .note.GNU-stack
                0x0000000000000000        0x0 build/list.o
 .note.gnu.property
                0x0000000000000000       0x28 build/list.o
 .group         0x0000000000000000        0x8 build/sync.o
 .group         0x0000000000000000        0x8 build/sync.o
 .text.__x86.get_pc_thunk.ax
                0x0000000000000000        0x4 build/sync.o
 .text.__x86.get_pc_thunk.bx
                0x0000000000000000        0x4 build/sync.o
 .note.GNU-stack
                0x0000000000000000        0x0 build/sync.o
 .note.gnu.property
                0x0000000000000000       0x28 build/sync.o
 .group         0x0000000000000000        0x8 build/console.o
 .group         0x0000000000000000        0x8 build/console.o
 .text.__x86.get_pc_thunk.ax
                0x0000000000000000        0x4 build/console.o
 .text.__x86.get_pc_thunk.bx
                0x0000000000000000        0x4 build/console.o
 .note.GNU-stack
                0x0000000000000000        0x0 build/console.o
 .note.gnu.property
                0x0000000000000000       0x28 build/console.o
 .group         0x0000000000000000        0x8 build/keyboard.o
 .group         0x0000000000000000        0x8 build/keyboard.o
 .text.__x86.get_pc_thunk.ax
                0x0000000000000000        0x4 build/keyboard.o
 .text.__x86.get_pc_thunk.bx
                0x0000000000000000        0x4 build/keyboard.o
 .note.GNU-stack
                0x0000000000000000        0x0 build/keyboard.o
 .note.gnu.property
                0x0000000000000000       0x28 build/keyboard.o
 .group         0x0000000000000000        0x8 build/ioqueue.o
 .group         0x0000000000000000        0x8 build/ioqueue.o
 .text.__x86.get_pc_thunk.ax
                0x0000000000000000        0x4 build/ioqueue.o
 .text.__x86.get_pc_thunk.bx
                0x0000000000000000        0x4 build/ioqueue.o
 .note.GNU-stack
                0x0000000000000000        0x0 build/ioqueue.o
 .note.gnu.property
                0x0000000000000000       0x28 build/ioqueue.o
 .group         0x0000000000000000        0x8 build/tss.o
 .group         0x0000000000000000        0x8 build/tss.o
 .text.__x86.get_pc_thunk.ax
                0x0000000000000000        0x4 build/tss.o
 .text.__x86.get_pc_thunk.bx
                0x0000000000000000        0x4 build/tss.o
 .note.GNU-stack
                0x0000000000000000        0x0 build/tss.o
 .note.gnu.property
                0x0000000000000000       0x28 build/tss.o
 .group         0x0000000000000000        0x8 build/process.o
 .group         0x0000000000000000        0x8 build/process.o
 .text.__x86.get_pc_thunk.ax
                0x0000000000000000        0x4 build/process.o
 .text.__x86.get_pc_thunk.bx
                0x0000000000000000        0x4 build/process.o
 .note.GNU-stack
                0x0000000000000000        0x0 build/process.o
 .note.gnu.property
                0x0000000000000000       0x28 build/process.o

Memory Configuration

Name             Origin             Length             Attributes
*default*        0x0000000000000000 0xffffffffffffffff

Linker script and memory map

Address of section .text set to 0xc0001500
LOAD build/main.o
LOAD build/init.o
LOAD build/interrupt.o
LOAD build/timer.o
LOAD build/kernel.o
LOAD build/print.o
LOAD build/debug.o
LOAD build/memory.o
LOAD build/bitmap.o
LOAD build/string.o
LOAD build/thread.o
LOAD build/list.o
LOAD build/switch.o
LOAD build/sync.o
LOAD build/console.o
LOAD build/keyboard.o
LOAD build/ioqueue.o
LOAD build/tss.o
LOAD build/process.o
                [!provide]                        PROVIDE (__executable_start = SEGMENT_START ("text-segment", 0x8048000))
                0x00000000080480d4                . = (SEGMENT_START ("text-segment", 0x8048000) + SIZEOF_HEADERS)

.interp
 *(.interp)

.note.gnu.build-id
 *(.note.gnu.build-id)

.hash
 *(.hash)

.gnu.hash
 *(.gnu.hash)

.dynsym
 *(.dynsym)

.dynstr
 *(.dynstr)

.gnu.version
 *(.gnu.version)

.gnu.version_d
 *(.gnu.version_d)

.gnu.version_r
 *(.gnu.version_r)

.rel.dyn        0x00000000080480d4        0x0
 *(.rel.init)
 *(.rel.text .rel.text.* .rel.gnu.linkonce.t.*)
 *(.rel.fini)
 *(.rel.rodata .rel.rodata.* .rel.gnu.linkonce.r.*)
 *(.rel.data.rel.ro .rel.data.rel.ro.* .rel.gnu.linkonce.d.rel.ro.*)
 *(.rel.data .rel.data.* .rel.gnu.linkonce.d.*)
 *(.rel.tdata .rel.tdata.* .rel.gnu.linkonce.td.*)
 *(.rel.tbss .rel.tbss.* .rel.gnu.linkonce.tb.*)
 *(.rel.ctors)
 *(.rel.dtors)
 *(.rel.got)
 .rel.got       0x00000000080480d4        0x0 build/main.o
 *(.rel.bss .rel.bss.* .rel.gnu.linkonce.b.*)
 *(.rel.ifunc)

.rel.plt        0x00000000080480d4        0x0
 *(.rel.plt)
                [!provide]                        PROVIDE (__rel_iplt_start = .)
 *(.rel.iplt)
 .rel.iplt      0x00000000080480d4        0x0 build/main.o
                [!provide]                        PROVIDE (__rel_iplt_end = .)
                0x0000000008049000                . = ALIGN (CONSTANT (MAXPAGESIZE))

.init
 *(SORT_NONE(.init))

.plt            0x0000000008049000        0x0
 *(.plt)
 *(.iplt)
 .iplt          0x0000000008049000        0x0 build/main.o

.plt.got
 *(.plt.got)

.plt.sec
 *(.plt.sec)

.text           0x00000000c0001500     0x3b6f
 *(.text.unlikely .text.*_unlikely .text.unlikely.*)
 *(.text.exit .text.exit.*)
 *(.text.startup .text.startup.*)
 *(.text.hot .text.hot.*)
 *(SORT_BY_NAME(.text.sorted.*))
 *(.text .stub .text.* .gnu.linkonce.t.*)
 .text          0x00000000c0001500      0x184 build/main.o
                0x00000000c0001500                main
                0x00000000c00015cc                k_thread_a
                0x00000000c000160a                k_thread_b
                0x00000000c0001648                u_thread_a
                0x00000000c0001666                u_thread_b
 .text.__x86.get_pc_thunk.ax
                0x00000000c0001684        0x4 build/main.o
                0x00000000c0001684                __x86.get_pc_thunk.ax
 .text.__x86.get_pc_thunk.bx
                0x00000000c0001688        0x4 build/main.o
                0x00000000c0001688                __x86.get_pc_thunk.bx
 .text          0x00000000c000168c       0x4d build/init.o
                0x00000000c000168c                init_all
 .text          0x00000000c00016d9      0x4df build/interrupt.o
                0x00000000c0001704                register_handler
                0x00000000c0001a92                enable_intr
                0x00000000c0001ac5                disable_intr
                0x00000000c0001af8                get_intr_status
                0x00000000c0001b18                set_intr_status
                0x00000000c0001b40                idt_init
 .text          0x00000000c0001bb8      0x1b4 build/timer.o
                0x00000000c0001d04                timer_init
 *fill*         0x00000000c0001d6c        0x4 
 .text          0x00000000c0001d70      0x537 build/kernel.o
                0x00000000c0001d70                intr_exit
 *fill*         0x00000000c00022a7        0x9 
 .text          0x00000000c00022b0      0x172 build/print.o
                0x00000000c00022b0                put_str
                0x00000000c00022ce                put_char
                0x00000000c000239b                put_int
                0x00000000c00023fe                set_cursor
 .text          0x00000000c0002422       0xf4 build/debug.o
                0x00000000c0002422                panic_spin
 .text          0x00000000c0002516      0x96e build/memory.o
                0x00000000c0002648                pte_ptr
                0x00000000c0002682                pde_ptr
                0x00000000c0002843                malloc_page
                0x00000000c000291c                get_kernel_pages
                0x00000000c000298a                get_user_pages
                0x00000000c0002a1c                get_a_page
                0x00000000c0002bbf                addr_v2p
                0x00000000c0002e30                mem_init
 .text          0x00000000c0002e84      0x298 build/bitmap.o
                0x00000000c0002e84                bitmap_init
                0x00000000c0002eb7                bitmap_scan_test
                0x00000000c0002f11                bitmap_scan
                0x00000000c0003054                bitmap_set
 .text          0x00000000c000311c      0x4a8 build/string.o
                0x00000000c000311c                memset
                0x00000000c0003185                memcpy
                0x00000000c00031fc                memcmp
                0x00000000c0003295                strcpy
                0x00000000c0003300                strlen
                0x00000000c000335d                strcmp
                0x00000000c00033f0                strchr
                0x00000000c000345e                strrchr
                0x00000000c00034d2                strcat
                0x00000000c0003552                strchrs
 .text          0x00000000c00035c4      0x64c build/thread.o
                0x00000000c00035c4                thread_block
                0x00000000c0003639                thread_unblock
                0x00000000c0003751                schedule
                0x00000000c000389b                running_thread
                0x00000000c00038e6                thread_create
                0x00000000c000396a                init_thread
                0x00000000c0003a0d                thread_start
                0x00000000c0003bab                thread_init
 .text.__x86.get_pc_thunk.dx
                0x00000000c0003c10        0x4 build/thread.o
                0x00000000c0003c10                __x86.get_pc_thunk.dx
 .text          0x00000000c0003c14      0x32f build/list.o
                0x00000000c0003c14                list_init
                0x00000000c0003c4c                list_insert_before
                0x00000000c0003ca0                list_push
                0x00000000c0003cc8                list_append
                0x00000000c0003d21                list_remove
                0x00000000c0003d6a                list_pop
                0x00000000c0003d96                list_search
                0x00000000c0003df4                list_traversal
                0x00000000c0003e5d                print_list
                0x00000000c0003ee1                list_len
                0x00000000c0003f20                list_empty
 *fill*         0x00000000c0003f43        0xd 
 .text          0x00000000c0003f50       0x15 build/switch.o
                0x00000000c0003f50                switch_to
 .text          0x00000000c0003f65      0x38a build/sync.o
                0x00000000c0003f65                sema_init
                0x00000000c0003f9f                lock_init
                0x00000000c0003fd9                sema_down
                0x00000000c00040f5                sema_up
                0x00000000c00041bf                lock_acquire
                0x00000000c000426a                lock_release
 .text          0x00000000c00042ef      0x119 build/console.o
                0x00000000c00042ef                console_init
                0x00000000c000431a                console_acquire
                0x00000000c0004345                console_release
                0x00000000c0004370                console_put_str
                0x00000000c00043a0                console_put_char
                0x00000000c00043d8                console_put_int
 .text          0x00000000c0004408      0x302 build/keyboard.o
                0x00000000c00046a8                keyboard_init
 .text          0x00000000c000470a      0x374 build/ioqueue.o
                0x00000000c000470a                ioqueue_init
                0x00000000c000477a                ioq_full
                0x00000000c00047d9                ioq_empty
                0x00000000c00048e3                ioq_getchar
                0x00000000c00049af                ioq_putchar
 .text          0x00000000c0004a7e      0x1b2 build/tss.o
                0x00000000c0004a7e                update_tss_esp
                0x00000000c0004b0f                tss_init
 .text          0x00000000c0004c30      0x43f build/process.o
                0x00000000c0004c30                start_process
                0x00000000c0004d44                page_dir_activate
                0x00000000c0004d89                process_activate
                0x00000000c0004dec                create_page_dir
                0x00000000c0004ea2                create_user_vaddr_bitmap
                0x00000000c0004efb                process_execute
 *(.gnu.warning)

.fini
 *(SORT_NONE(.fini))
                [!provide]                        PROVIDE (__etext = .)
                [!provide]                        PROVIDE (_etext = .)
                [!provide]                        PROVIDE (etext = .)
                0x00000000c0006000                . = ALIGN (CONSTANT (MAXPAGESIZE))
                0x00000000c0006000                . = SEGMENT_START ("rodata-segment", (ALIGN (CONSTANT (MAXPAGESIZE)) + (. & (CONSTANT (MAXPAGESIZE) - 0x1))))

.rodata         0x00000000c0006000      0xd34
 *(.rodata .rodata.* .gnu.linkonce.r.*)
 .rodata        0x00000000c0006000       0x7f build/main.o
 .rodata        0x00000000c000607f        0xa build/init.o
 *fill*         0x00000000c0006089        0x3 
 .rodata        0x00000000c000608c      0x2c0 build/interrupt.o
 .rodata        0x00000000c000634c       0x6b build/timer.o
 .rodata        0x00000000c00063b7       0x40 build/debug.o
 *fill*         0x00000000c00063f7        0x1 
 .rodata        0x00000000c00063f8      0x1f7 build/memory.o
 *fill*         0x00000000c00065ef        0x1 
 .rodata        0x00000000c00065f0       0x6f build/bitmap.o
 *fill*         0x00000000c000665f        0x1 
 .rodata        0x00000000c0006660       0xe8 build/string.o
 .rodata        0x00000000c0006748      0x2a1 build/thread.o
 .rodata        0x00000000c00069e9        0xe build/list.o
 *fill*         0x00000000c00069f7        0x1 
 .rodata        0x00000000c00069f8      0x129 build/sync.o
 .rodata        0x00000000c0006b21       0x36 build/keyboard.o
 *fill*         0x00000000c0006b57        0x1 
 .rodata        0x00000000c0006b58       0xa4 build/ioqueue.o
 .rodata        0x00000000c0006bfc       0x1f build/tss.o
 *fill*         0x00000000c0006c1b        0x1 
 .rodata        0x00000000c0006c1c      0x118 build/process.o

.rodata1
 *(.rodata1)

.eh_frame_hdr
 *(.eh_frame_hdr)
 *(.eh_frame_entry .eh_frame_entry.*)

.eh_frame       0x00000000c0006d34      0xe40
 *(.eh_frame)
 .eh_frame      0x00000000c0006d34       0xd8 build/main.o
 .eh_frame      0x00000000c0006e0c       0x24 build/init.o
                                         0x50 (size before relaxing)
 .eh_frame      0x00000000c0006e30      0x198 build/interrupt.o
                                        0x1d8 (size before relaxing)
 .eh_frame      0x00000000c0006fc8       0x94 build/timer.o
                                         0xd4 (size before relaxing)
 .eh_frame      0x00000000c000705c       0x1c build/debug.o
                                         0x48 (size before relaxing)
 .eh_frame      0x00000000c0007078      0x1a4 build/memory.o
                                        0x1e4 (size before relaxing)
 .eh_frame      0x00000000c000721c       0x90 build/bitmap.o
                                         0xbc (size before relaxing)
 .eh_frame      0x00000000c00072ac      0x168 build/string.o
                                        0x194 (size before relaxing)
 .eh_frame      0x00000000c0007414      0x174 build/thread.o
                                        0x1b4 (size before relaxing)
 .eh_frame      0x00000000c0007588      0x170 build/list.o
                                        0x1b0 (size before relaxing)
 .eh_frame      0x00000000c00076f8       0xdc build/sync.o
                                        0x11c (size before relaxing)
 .eh_frame      0x00000000c00077d4       0xd8 build/console.o
                                        0x118 (size before relaxing)
 .eh_frame      0x00000000c00078ac       0x68 build/keyboard.o
                                         0xa8 (size before relaxing)
 .eh_frame      0x00000000c0007914      0x11c build/ioqueue.o
                                        0x15c (size before relaxing)
 .eh_frame      0x00000000c0007a30       0x6c build/tss.o
                                         0xac (size before relaxing)
 .eh_frame      0x00000000c0007a9c       0xd8 build/process.o
                                        0x118 (size before relaxing)
 *(.eh_frame.*)

.gcc_except_table
 *(.gcc_except_table .gcc_except_table.*)

.gnu_extab
 *(.gnu_extab*)

.exception_ranges
 *(.exception_ranges*)
                0x00000000c0009000                . = DATA_SEGMENT_ALIGN (CONSTANT (MAXPAGESIZE), CONSTANT (COMMONPAGESIZE))

.eh_frame
 *(.eh_frame)
 *(.eh_frame.*)

.gnu_extab
 *(.gnu_extab)

.gcc_except_table
 *(.gcc_except_table .gcc_except_table.*)

.exception_ranges
 *(.exception_ranges*)

.tdata          0x00000000c0009000        0x0
                [!provide]                        PROVIDE (__tdata_start = .)
 *(.tdata .tdata.* .gnu.linkonce.td.*)

.tbss
 *(.tbss .tbss.* .gnu.linkonce.tb.*)
 *(.tcommon)

.preinit_array  0x00000000c0009000        0x0
                [!provide]                        PROVIDE (__preinit_array_start = .)
 *(.preinit_array)
                [!provide]                        PROVIDE (__preinit_array_end = .)

.init_array     0x00000000c0009000        0x0
                [!provide]                        PROVIDE (__init_array_start = .)
 *(SORT_BY_INIT_PRIORITY(.init_array.*) SORT_BY_INIT_PRIORITY(.ctors.*))
 *(.init_array EXCLUDE_FILE(*crtend?.o *crtend.o *crtbegin?.o *crtbegin.o) .ctors)
                [!provide]                        PROVIDE (__init_array_end = .)

.fini_array     0x00000000c0009000        0x0
                [!provide]                        PROVIDE (__fini_array_start = .)
 *(SORT_BY_INIT_PRIORITY(.fini_array.*) SORT_BY_INIT_PRIORITY(.dtors.*))
 *(.fini_array EXCLUDE_FILE(*crtend?.o *crtend.o *crtbegin?.o *crtbegin.o) .dtors)
                [!provide]                        PROVIDE (__fini_array_end = .)

.ctors
 *crtbegin.o(.ctors)
 *crtbegin?.o(.ctors)
 *(EXCLUDE_FILE(*crtend?.o *crtend.o) .ctors)
 *(SORT_BY_NAME(.ctors.*))
 *(.ctors)

.dtors
 *crtbegin.o(.dtors)
 *crtbegin?.o(.dtors)
 *(EXCLUDE_FILE(*crtend?.o *crtend.o) .dtors)
 *(SORT_BY_NAME(.dtors.*))
 *(.dtors)

.jcr
 *(.jcr)

.data.rel.ro
 *(.data.rel.ro.local* .gnu.linkonce.d.rel.ro.local.*)
 *(.data.rel.ro .data.rel.ro.* .gnu.linkonce.d.rel.ro.*)

.dynamic
 *(.dynamic)

.got            0x00000000c0009000        0x0
 *(.got)
 .got           0x00000000c0009000        0x0 build/main.o
 *(.igot)
                0x00000000c0009ff4                . = DATA_SEGMENT_RELRO_END (., (SIZEOF (.got.plt) >= 0xc)?0xc:0x0)

.got.plt        0x00000000c0009000        0xc
 *(.got.plt)
 .got.plt       0x00000000c0009000        0xc build/main.o
                0x00000000c0009000                _GLOBAL_OFFSET_TABLE_
 *(.igot.plt)
 .igot.plt      0x00000000c000900c        0x0 build/main.o

.data           0x00000000c0009020      0x156
 *(.data .data.* .gnu.linkonce.d.*)
 .data          0x00000000c0009020        0x0 build/main.o
 .data          0x00000000c0009020        0x0 build/init.o
 .data          0x00000000c0009020        0x0 build/interrupt.o
 .data          0x00000000c0009020        0x0 build/timer.o
 .data          0x00000000c0009020       0xc0 build/kernel.o
                0x00000000c0009020                intr_entry_table
 .data          0x00000000c00090e0        0x8 build/print.o
 .data          0x00000000c00090e8        0x0 build/debug.o
 .data          0x00000000c00090e8        0x0 build/memory.o
 .data          0x00000000c00090e8        0x0 build/bitmap.o
 .data          0x00000000c00090e8        0x0 build/string.o
 .data          0x00000000c00090e8        0x0 build/thread.o
 .data          0x00000000c00090e8        0x0 build/list.o
 .data          0x00000000c00090e8        0x0 build/sync.o
 .data          0x00000000c00090e8        0x0 build/console.o
 *fill*         0x00000000c00090e8       0x18 
 .data          0x00000000c0009100       0x76 build/keyboard.o
 .data          0x00000000c0009176        0x0 build/ioqueue.o
 .data          0x00000000c0009176        0x0 build/tss.o
 .data          0x00000000c0009176        0x0 build/process.o

.data1
 *(.data1)
                0x00000000c0009176                _edata = .
                [!provide]                        PROVIDE (edata = .)
                0x00000000c0009176                . = .
                0x00000000c0009176                __bss_start = .

.bss            0x00000000c0009180      0x4ec
 *(.dynbss)
 *(.bss .bss.* .gnu.linkonce.b.*)
 .bss           0x00000000c0009180        0x8 build/main.o
                0x00000000c0009180                test_var_a
                0x00000000c0009184                test_var_b
 .bss           0x00000000c0009188        0x0 build/init.o
 *fill*         0x00000000c0009188       0x18 
 .bss           0x00000000c00091a0      0x300 build/interrupt.o
                0x00000000c00091a0                intr_name
                0x00000000c0009260                idt_table
 .bss           0x00000000c00094a0        0x4 build/timer.o
                0x00000000c00094a0                ticks
 .bss           0x00000000c00094a4        0x0 build/debug.o
 *fill*         0x00000000c00094a4       0x1c 
 .bss           0x00000000c00094c0       0x78 build/memory.o
                0x00000000c00094c0                kernel_pool
                0x00000000c0009500                user_pool
                0x00000000c000952c                kernel_vaddr
 .bss           0x00000000c0009538        0x0 build/bitmap.o
 .bss           0x00000000c0009538        0x0 build/string.o
 .bss           0x00000000c0009538       0x28 build/thread.o
                0x00000000c0009538                main_thread
                0x00000000c000953c                thread_ready_list
                0x00000000c000954c                thread_all_list
 .bss           0x00000000c0009560        0x0 build/list.o
 .bss           0x00000000c0009560        0x0 build/sync.o
 .bss           0x00000000c0009560       0x1c build/console.o
 *fill*         0x00000000c000957c        0x4 
 .bss           0x00000000c0009580       0x80 build/keyboard.o
                0x00000000c0009580                kbd_buf
 .bss           0x00000000c0009600        0x0 build/ioqueue.o
 .bss           0x00000000c0009600       0x6c build/tss.o
 .bss           0x00000000c000966c        0x0 build/process.o
 *(COMMON)
                0x00000000c000966c                . = ALIGN ((. != 0x0)?0x4:0x1)
                0x00000000c000966c                . = ALIGN (0x4)
                0x00000000c000966c                . = SEGMENT_START ("ldata-segment", .)
                0x00000000c000966c                . = ALIGN (0x4)
                0x00000000c000966c                _end = .
                [!provide]                        PROVIDE (end = .)
                0x00000000c000966c                . = DATA_SEGMENT_END (.)

.stab
 *(.stab)

.stabstr
 *(.stabstr)

.stab.excl
 *(.stab.excl)

.stab.exclstr
 *(.stab.exclstr)

.stab.index
 *(.stab.index)

.stab.indexstr
 *(.stab.indexstr)

.comment        0x0000000000000000       0x12
 *(.comment)
 .comment       0x0000000000000000       0x12 build/main.o
                                         0x13 (size before relaxing)
 .comment       0x0000000000000012       0x13 build/init.o
 .comment       0x0000000000000012       0x13 build/interrupt.o
 .comment       0x0000000000000012       0x13 build/timer.o
 .comment       0x0000000000000012       0x13 build/debug.o
 .comment       0x0000000000000012       0x13 build/memory.o
 .comment       0x0000000000000012       0x13 build/bitmap.o
 .comment       0x0000000000000012       0x13 build/string.o
 .comment       0x0000000000000012       0x13 build/thread.o
 .comment       0x0000000000000012       0x13 build/list.o
 .comment       0x0000000000000012       0x13 build/sync.o
 .comment       0x0000000000000012       0x13 build/console.o
 .comment       0x0000000000000012       0x13 build/keyboard.o
 .comment       0x0000000000000012       0x13 build/ioqueue.o
 .comment       0x0000000000000012       0x13 build/tss.o
 .comment       0x0000000000000012       0x13 build/process.o

.gnu.build.attributes
 *(.gnu.build.attributes .gnu.build.attributes.*)

.debug
 *(.debug)

.line
 *(.line)

.debug_srcinfo
 *(.debug_srcinfo)

.debug_sfnames
 *(.debug_sfnames)

.debug_aranges
 *(.debug_aranges)

.debug_pubnames
 *(.debug_pubnames)

.debug_info
 *(.debug_info .gnu.linkonce.wi.*)

.debug_abbrev
 *(.debug_abbrev)

.debug_line
 *(.debug_line .debug_line.* .debug_line_end)

.debug_frame
 *(.debug_frame)

.debug_str
 *(.debug_str)

.debug_loc
 *(.debug_loc)

.debug_macinfo
 *(.debug_macinfo)

.debug_weaknames
 *(.debug_weaknames)

.debug_funcnames
 *(.debug_funcnames)

.debug_typenames
 *(.debug_typenames)

.debug_varnames
 *(.debug_varnames)

.debug_pubtypes
 *(.debug_pubtypes)

.debug_ranges
 *(.debug_ranges)

.debug_addr
 *(.debug_addr)

.debug_line_str
 *(.debug_line_str)

.debug_loclists
 *(.debug_loclists)

.debug_macro
 *(.debug_macro)

.debug_names
 *(.debug_names)

.debug_rnglists
 *(.debug_rnglists)

.debug_str_offsets
 *(.debug_str_offsets)

.debug_sup
 *(.debug_sup)

.gnu.attributes
 *(.gnu.attributes)

/DISCARD/
 *(.note.GNU-stack)
 *(.gnu_debuglink)
 *(.gnu.lto_*)
OUTPUT(build/kernel.bin elf32-i386)
